// Jest Snapshot v1, https://goo.gl/fbAQLP

exports[`MultipleSelectField Should render MultipleSelectField component 1`] = `
<DocumentFragment>
  <div
    class="bp4-form-group"
  >
    <div
      class="bp4-form-content"
    >
      <div
        class="bp4-popover-wrapper bp4-fill"
      >
        <div
          aria-haspopup="true"
          class="bp4-popover-target"
        >
          <div
            class=""
          >
            <div
              class="bp4-input bp4-tag-input bp4-fill bp4-multi-select"
            >
              <div
                class="bp4-tag-input-values"
              >
                <input
                  class="bp4-input-ghost bp4-multi-select-tag-input-input"
                  placeholder="Search..."
                  value=""
                />
              </div>
            </div>
          </div>
        </div>
      </div>
    </div>
  </div>
</DocumentFragment>
`;
