// Jest Snapshot v1, https://goo.gl/fbAQLP

exports[`SwitchField Should render SwitchField component 1`] = `
<DocumentFragment>
  <div
    class="bp4-form-group"
  >
    <div
      class="bp4-form-content"
    >
      <label
        class="bp4-control bp4-switch bp4-large"
      >
        <input
          id="test-input"
          type="checkbox"
        />
        <span
          class="bp4-control-indicator"
        />
        Switch
      </label>
    </div>
  </div>
</DocumentFragment>
`;
